Archive member included to satisfy reference by file (symbol)

c:/users/александра/appdata/roaming/xpacks/@gnu-mcu-eclipse/arm-none-eabi-gcc/8.2.1-1.3.1/.content/bin/../lib/gcc/arm-none-eabi/8.2.1/../../../../arm-none-eabi/lib/thumb/v7-m/nofp\libg_nano.a(lib_a-errno.o)
                              ./system/src/newlib/_sbrk.o (__errno)
c:/users/александра/appdata/roaming/xpacks/@gnu-mcu-eclipse/arm-none-eabi-gcc/8.2.1-1.3.1/.content/bin/../lib/gcc/arm-none-eabi/8.2.1/../../../../arm-none-eabi/lib/thumb/v7-m/nofp\libg_nano.a(lib_a-impure.o)
                              c:/users/александра/appdata/roaming/xpacks/@gnu-mcu-eclipse/arm-none-eabi-gcc/8.2.1-1.3.1/.content/bin/../lib/gcc/arm-none-eabi/8.2.1/../../../../arm-none-eabi/lib/thumb/v7-m/nofp\libg_nano.a(lib_a-errno.o) (_impure_ptr)
c:/users/александра/appdata/roaming/xpacks/@gnu-mcu-eclipse/arm-none-eabi-gcc/8.2.1-1.3.1/.content/bin/../lib/gcc/arm-none-eabi/8.2.1/../../../../arm-none-eabi/lib/thumb/v7-m/nofp\libg_nano.a(lib_a-strlen.o)
                              ./system/src/diag/Trace.o (strlen)
c:/users/александра/appdata/roaming/xpacks/@gnu-mcu-eclipse/arm-none-eabi-gcc/8.2.1-1.3.1/.content/bin/../lib/gcc/arm-none-eabi/8.2.1/../../../../arm-none-eabi/lib/thumb/v7-m/nofp\libg_nano.a(lib_a-vsnprintf.o)
                              ./system/src/diag/Trace.o (vsnprintf)
c:/users/александра/appdata/roaming/xpacks/@gnu-mcu-eclipse/arm-none-eabi-gcc/8.2.1-1.3.1/.content/bin/../lib/gcc/arm-none-eabi/8.2.1/../../../../arm-none-eabi/lib/thumb/v7-m/nofp\libg_nano.a(lib_a-nano-svfprintf.o)
                              c:/users/александра/appdata/roaming/xpacks/@gnu-mcu-eclipse/arm-none-eabi-gcc/8.2.1-1.3.1/.content/bin/../lib/gcc/arm-none-eabi/8.2.1/../../../../arm-none-eabi/lib/thumb/v7-m/nofp\libg_nano.a(lib_a-vsnprintf.o) (_svfprintf_r)
c:/users/александра/appdata/roaming/xpacks/@gnu-mcu-eclipse/arm-none-eabi-gcc/8.2.1-1.3.1/.content/bin/../lib/gcc/arm-none-eabi/8.2.1/../../../../arm-none-eabi/lib/thumb/v7-m/nofp\libg_nano.a(lib_a-nano-vfprintf_i.o)
                              c:/users/александра/appdata/roaming/xpacks/@gnu-mcu-eclipse/arm-none-eabi-gcc/8.2.1-1.3.1/.content/bin/../lib/gcc/arm-none-eabi/8.2.1/../../../../arm-none-eabi/lib/thumb/v7-m/nofp\libg_nano.a(lib_a-nano-svfprintf.o) (_printf_i)
c:/users/александра/appdata/roaming/xpacks/@gnu-mcu-eclipse/arm-none-eabi-gcc/8.2.1-1.3.1/.content/bin/../lib/gcc/arm-none-eabi/8.2.1/../../../../arm-none-eabi/lib/thumb/v7-m/nofp\libg_nano.a(lib_a-memchr-stub.o)
                              c:/users/александра/appdata/roaming/xpacks/@gnu-mcu-eclipse/arm-none-eabi-gcc/8.2.1-1.3.1/.content/bin/../lib/gcc/arm-none-eabi/8.2.1/../../../../arm-none-eabi/lib/thumb/v7-m/nofp\libg_nano.a(lib_a-nano-svfprintf.o) (memchr)
c:/users/александра/appdata/roaming/xpacks/@gnu-mcu-eclipse/arm-none-eabi-gcc/8.2.1-1.3.1/.content/bin/../lib/gcc/arm-none-eabi/8.2.1/../../../../arm-none-eabi/lib/thumb/v7-m/nofp\libg_nano.a(lib_a-memcpy-stub.o)
                              c:/users/александра/appdata/roaming/xpacks/@gnu-mcu-eclipse/arm-none-eabi-gcc/8.2.1-1.3.1/.content/bin/../lib/gcc/arm-none-eabi/8.2.1/../../../../arm-none-eabi/lib/thumb/v7-m/nofp\libg_nano.a(lib_a-nano-svfprintf.o) (memcpy)
c:/users/александра/appdata/roaming/xpacks/@gnu-mcu-eclipse/arm-none-eabi-gcc/8.2.1-1.3.1/.content/bin/../lib/gcc/arm-none-eabi/8.2.1/../../../../arm-none-eabi/lib/thumb/v7-m/nofp\libg_nano.a(lib_a-memmove.o)
                              c:/users/александра/appdata/roaming/xpacks/@gnu-mcu-eclipse/arm-none-eabi-gcc/8.2.1-1.3.1/.content/bin/../lib/gcc/arm-none-eabi/8.2.1/../../../../arm-none-eabi/lib/thumb/v7-m/nofp\libg_nano.a(lib_a-nano-svfprintf.o) (memmove)
c:/users/александра/appdata/roaming/xpacks/@gnu-mcu-eclipse/arm-none-eabi-gcc/8.2.1-1.3.1/.content/bin/../lib/gcc/arm-none-eabi/8.2.1/../../../../arm-none-eabi/lib/thumb/v7-m/nofp\libg_nano.a(lib_a-nano-freer.o)
                              c:/users/александра/appdata/roaming/xpacks/@gnu-mcu-eclipse/arm-none-eabi-gcc/8.2.1-1.3.1/.content/bin/../lib/gcc/arm-none-eabi/8.2.1/../../../../arm-none-eabi/lib/thumb/v7-m/nofp\libg_nano.a(lib_a-nano-svfprintf.o) (_free_r)
c:/users/александра/appdata/roaming/xpacks/@gnu-mcu-eclipse/arm-none-eabi-gcc/8.2.1-1.3.1/.content/bin/../lib/gcc/arm-none-eabi/8.2.1/../../../../arm-none-eabi/lib/thumb/v7-m/nofp\libg_nano.a(lib_a-nano-mallocr.o)
                              c:/users/александра/appdata/roaming/xpacks/@gnu-mcu-eclipse/arm-none-eabi-gcc/8.2.1-1.3.1/.content/bin/../lib/gcc/arm-none-eabi/8.2.1/../../../../arm-none-eabi/lib/thumb/v7-m/nofp\libg_nano.a(lib_a-nano-svfprintf.o) (_malloc_r)
c:/users/александра/appdata/roaming/xpacks/@gnu-mcu-eclipse/arm-none-eabi-gcc/8.2.1-1.3.1/.content/bin/../lib/gcc/arm-none-eabi/8.2.1/../../../../arm-none-eabi/lib/thumb/v7-m/nofp\libg_nano.a(lib_a-nano-reallocr.o)
[...]
Memory Configuration

Name             Origin             Length             Attributes
RAM              0x0000000020000000 0x0000000000005000 xrw
CCMRAM           0x0000000000000000 0x0000000000000000 xrw
FLASH            0x0000000008000000 0x0000000000020000 xr
FLASHB1          0x0000000000000000 0x0000000000000000 xr
EXTMEMB0         0x0000000000000000 0x0000000000000000 xr
EXTMEMB1         0x0000000000000000 0x0000000000000000 xr
EXTMEMB2         0x0000000000000000 0x0000000000000000 xr
EXTMEMB3         0x0000000000000000 0x0000000000000000 xr
MEMORY_ARRAY     0x0000000000000000 0x0000000000000000 xrw
*default*        0x0000000000000000 0xffffffffffffffff

Linker script and memory map

LOAD ./system/src/stm32f1-stdperiph/misc.o
LOAD ./system/src/stm32f1-stdperiph/stm32f10x_gpio.o
LOAD ./system/src/stm32f1-stdperiph/stm32f10x_rcc.o
LOAD ./system/src/newlib/_cxx.o
LOAD ./system/src/newlib/_exit.o
LOAD ./system/src/newlib/_sbrk.o
LOAD ./system/src/newlib/_startup.o
LOAD ./system/src/newlib/_syscalls.o
LOAD ./system/src/newlib/assert.o
LOAD ./system/src/diag/Trace.o
LOAD ./system/src/diag/trace_impl.o
LOAD ./system/src/cortexm/_initialize_hardware.o
LOAD ./system/src/cortexm/_reset_hardware.o
LOAD ./system/src/cortexm/exception_handlers.o
LOAD ./system/src/cmsis/system_stm32f10x.o
LOAD ./system/src/cmsis/vectors_stm32f10x.o
LOAD ./src/Button.o
LOAD ./src/Led.o
LOAD ./src/_write.o
LOAD ./src/main.o
LOAD c:/users/александра/appdata/roaming/xpacks/@gnu-mcu-eclipse/arm-none-eabi-gcc/8.2.1-1.3.1/.content/bin/../lib/gcc/arm-none-eabi/8.2.1/../../../../arm-none-eabi/lib/thumb/v7-m/nofp\libstdc++_nano.a
LOAD c:/users/александра/appdata/roaming/xpacks/@gnu-mcu-eclipse/arm-none-eabi-gcc/8.2.1-1.3.1/.content/bin/../lib/gcc/arm-none-eabi/8.2.1/../../../../arm-none-eabi/lib/thumb/v7-m/nofp\libm.a
START GROUP
LOAD c:/users/александра/appdata/roaming/xpacks/@gnu-mcu-eclipse/arm-none-eabi-gcc/8.2.1-1.3.1/.content/bin/../lib/gcc/arm-none-eabi/8.2.1/thumb/v7-m/nofp\libgcc.a
LOAD c:/users/александра/appdata/roaming/xpacks/@gnu-mcu-eclipse/arm-none-eabi-gcc/8.2.1-1.3.1/.content/bin/../lib/gcc/arm-none-eabi/8.2.1/../../../../arm-none-eabi/lib/thumb/v7-m/nofp\libg_nano.a
LOAD c:/users/александра/appdata/roaming/xpacks/@gnu-mcu-eclipse/arm-none-eabi-gcc/8.2.1-1.3.1/.content/bin/../lib/gcc/arm-none-eabi/8.2.1/../../../../arm-none-eabi/lib/thumb/v7-m/nofp\libc_nano.a
END GROUP
START GROUP
LOAD c:/users/александра/appdata/roaming/xpacks/@gnu-mcu-eclipse/arm-none-eabi-gcc/8.2.1-1.3.1/.content/bin/../lib/gcc/arm-none-eabi/8.2.1/thumb/v7-m/nofp\libgcc.a
LOAD c:/users/александра/appdata/roaming/xpacks/@gnu-mcu-eclipse/arm-none-eabi-gcc/8.2.1-1.3.1/.content/bin/../lib/gcc/arm-none-eabi/8.2.1/../../../../arm-none-eabi/lib/thumb/v7-m/nofp\libc_nano.a
END GROUP
                0x0000000020005000                __stack = (ORIGIN (RAM) + LENGTH (RAM))
                0x0000000020005000                _estack = __stack
                0x0000000000000400                __Main_Stack_Size = 0x400
                [!provide]                        PROVIDE (_Main_Stack_Size = __Main_Stack_Size)
                0x0000000020004c00                __Main_Stack_Limit = (__stack - __Main_Stack_Size)
                [!provide]                        PROVIDE (_Main_Stack_Limit = __Main_Stack_Limit)
                0x0000000000000100                _Minimum_Stack_Size = 0x100
                0x0000000020000130                PROVIDE (_Heap_Begin = _end_noinit)
                0x0000000020004c00                PROVIDE (_Heap_Limit = (__stack - __Main_Stack_Size))

.isr_vector     0x0000000008000000      0x350
 FILL mask 0xff
                0x0000000008000000                __vectors_start = ABSOLUTE (.)
                0x0000000008000000                __vectors_start__ = ABSOLUTE (.)
 *(.isr_vector)
 .isr_vector    0x0000000008000000      0x10c ./system/src/cmsis/vectors_stm32f10x.o
                0x0000000008000000                __isr_vectors
 *(.cfmconfig)
 *(.after_vectors .after_vectors.*)
 .after_vectors
                0x000000000800010c      0x114 ./system/src/newlib/_startup.o
                0x000000000800010c                _start
 .after_vectors
                0x0000000008000220      0x12c ./system/src/cortexm/exception_handlers.o
                0x0000000008000220                Reset_Handler
                0x0000000008000226                NMI_Handler
                0x000000000800022a                HardFault_Handler
                0x000000000800023e                HardFault_Handler_C
                0x000000000800029c                MemManage_Handler
                0x00000000080002a0                BusFault_Handler
                0x00000000080002b4                BusFault_Handler_C
                0x00000000080002e8                UsageFault_Handler
                0x00000000080002fc                UsageFault_Handler_C
                0x0000000008000330                SVC_Handler
                0x0000000008000334                DebugMon_Handler
                0x0000000008000338                PendSV_Handler
                0x000000000800033c                SysTick_Handler
 .after_vectors
                0x000000000800034c        0x4 ./system/src/cmsis/vectors_stm32f10x.o
                0x000000000800034c                EXTI2_IRQHandler
                0x000000000800034c                TIM8_TRG_COM_IRQHandler
                0x000000000800034c                TIM8_CC_IRQHandler
                0x000000000800034c                TIM1_CC_IRQHandler
                0x000000000800034c                TIM6_IRQHandler
                0x000000000800034c                PVD_IRQHandler
                0x000000000800034c                SDIO_IRQHandler
                0x000000000800034c                CAN2_RX1_IRQHandler
                0x000000000800034c                EXTI3_IRQHandler
                0x000000000800034c                TIM8_TRG_COM_TIM14_IRQHandler
                0x000000000800034c                TIM1_UP_TIM10_IRQHandler
                0x000000000800034c                TIM8_UP_TIM13_IRQHandler
                0x000000000800034c                EXTI0_IRQHandler
                0x000000000800034c                I2C2_EV_IRQHandler
                0x000000000800034c                CAN1_RX0_IRQHandler
                0x000000000800034c                TIM1_UP_TIM16_IRQHandler
                0x000000000800034c                CAN2_SCE_IRQHandler
                0x000000000800034c                ADC1_2_IRQHandler
                0x000000000800034c                SPI1_IRQHandler
                0x000000000800034c                TAMPER_IRQHandler
                0x000000000800034c                TIM6_DAC_IRQHandler
                0x000000000800034c                TIM1_BRK_TIM9_IRQHandler
                0x000000000800034c                CAN2_RX0_IRQHandler
                0x000000000800034c                TIM8_UP_IRQHandler
                0x000000000800034c                DMA2_Channel2_IRQHandler
                0x000000000800034c                DMA1_Channel4_IRQHandler
                0x000000000800034c                USART3_IRQHandler
                0x000000000800034c                RTC_IRQHandler
                0x000000000800034c                DMA1_Channel7_IRQHandler
                0x000000000800034c                CAN1_RX1_IRQHandler
                0x000000000800034c                UART5_IRQHandler
                0x000000000800034c                ADC3_IRQHandler
                0x000000000800034c                TIM4_IRQHandler
                0x000000000800034c                DMA2_Channel1_IRQHandler
                0x000000000800034c                I2C1_EV_IRQHandler
                0x000000000800034c                DMA1_Channel6_IRQHandler
                0x000000000800034c                UART4_IRQHandler
                0x000000000800034c                DMA2_Channel4_IRQHandler
                0x000000000800034c                TIM3_IRQHandler
                0x000000000800034c                RCC_IRQHandler
                0x000000000800034c                TIM8_BRK_TIM12_IRQHandler
                0x000000000800034c                TIM1_TRG_COM_IRQHandler
                0x000000000800034c                DMA1_Channel1_IRQHandler
                0x000000000800034c                Default_Handler
                0x000000000800034c                CEC_IRQHandler
                0x000000000800034c                EXTI15_10_IRQHandler
                0x000000000800034c                TIM14_IRQHandler
                0x000000000800034c                TIM13_IRQHandler
                0x000000000800034c                TIM12_IRQHandler
                0x000000000800034c                TIM7_IRQHandler
                0x000000000800034c                CAN2_TX_IRQHandler
                0x000000000800034c                TIM5_IRQHandler
                0x000000000800034c                EXTI9_5_IRQHandler
                0x000000000800034c                ETH_WKUP_IRQHandler
                0x000000000800034c                SPI2_IRQHandler
                0x000000000800034c                CAN1_TX_IRQHandler
                0x000000000800034c                DMA2_Channel5_IRQHandler
                0x000000000800034c                DMA1_Channel5_IRQHandler
                0x000000000800034c                EXTI4_IRQHandler
                0x000000000800034c                USB_LP_CAN1_RX0_IRQHandler
                0x000000000800034c                TIM1_TRG_COM_TIM17_IRQHandler
                0x000000000800034c                USB_HP_CAN1_TX_IRQHandler
                0x000000000800034c                DMA1_Channel3_IRQHandler
                0x000000000800034c                FSMC_IRQHandler
                0x000000000800034c                ETH_IRQHandler
                0x000000000800034c                TIM1_UP_IRQHandler
                0x000000000800034c                WWDG_IRQHandler
                0x000000000800034c                TIM2_IRQHandler
                0x000000000800034c                OTG_FS_WKUP_IRQHandler
                0x000000000800034c                TIM1_TRG_COM_TIM11_IRQHandler
                0x000000000800034c                TIM1_BRK_IRQHandler
                0x000000000800034c                EXTI1_IRQHandler
                0x000000000800034c                RTCAlarm_IRQHandler
                0x000000000800034c                DMA2_Channel4_5_IRQHandler
                0x000000000800034c                USART2_IRQHandler
                0x000000000800034c                I2C2_ER_IRQHandler
                0x000000000800034c                DMA1_Channel2_IRQHandler
                0x000000000800034c                TIM8_BRK_IRQHandler
                0x000000000800034c                CAN1_SCE_IRQHandler
                0x000000000800034c                FLASH_IRQHandler
                0x000000000800034c                USART1_IRQHandler
                0x000000000800034c                OTG_FS_IRQHandler
                0x000000000800034c                SPI3_IRQHandler
                0x000000000800034c                I2C1_ER_IRQHandler
                0x000000000800034c                USBWakeUp_IRQHandler
                0x000000000800034c                DMA2_Channel3_IRQHandler
                0x000000000800034c                TIM1_BRK_TIM15_IRQHandler

.inits          0x0000000008000350       0x28
                0x0000000008000350                __data_regions_array_start = .
                0x0000000008000350        0x4 LONG 0x80015a0 LOADADDR (.data)
                0x0000000008000354        0x4 LONG 0x20000000 ADDR (.data)
                0x0000000008000358        0x4 LONG 0x20000088 (ADDR (.data) + SIZEOF (.data))
                0x000000000800035c        0x4 LONG 0x80015a0 LOADADDR (.data_CCMRAM)
                0x0000000008000360        0x4 LONG 0x0 ADDR (.data_CCMRAM)
                0x0000000008000364        0x4 LONG 0x0 (ADDR (.data_CCMRAM) + SIZEOF (.data_CCMRAM))
                0x0000000008000368                __data_regions_array_end = .
                0x0000000008000368                __bss_regions_array_start = .
                0x0000000008000368        0x4 LONG 0x20000088 ADDR (.bss)
                0x000000000800036c        0x4 LONG 0x20000130 (ADDR (.bss) + SIZEOF (.bss))
                0x0000000008000370        0x4 LONG 0x0 ADDR (.bss_CCMRAM)
                0x0000000008000374        0x4 LONG 0x0 (ADDR (.bss_CCMRAM) + SIZEOF (.bss_CCMRAM))
                0x0000000008000378                __bss_regions_array_end = .
 *(.init)
 *(.fini)
                0x0000000008000378                . = ALIGN (0x4)
                0x0000000008000378                PROVIDE (__preinit_array_start = .)
 *(.preinit_array_sysinit .preinit_array_sysinit.*)
 *(.preinit_array_platform .preinit_array_platform.*)
 *(.preinit_array .preinit_array.*)
                0x0000000008000378                PROVIDE (__preinit_array_end = .)
                0x0000000008000378                . = ALIGN (0x4)
                0x0000000008000378                PROVIDE (__init_array_start = .)
 *(SORT_BY_NAME(.init_array.*))
 *(.init_array)
                0x0000000008000378                PROVIDE (__init_array_end = .)
                0x0000000008000378                . = ALIGN (0x4)
                0x0000000008000378                PROVIDE (__fini_array_start = .)
 *(SORT_BY_NAME(.fini_array.*))
 *(.fini_array)
                0x0000000008000378                PROVIDE (__fini_array_end = .)

.flashtext
 *(.flashtext .flashtext.*)

.text           0x0000000008000378     0x1227
 *(.text .text.*)
 .text.GPIO_Init
                0x0000000008000378      0x134 ./system/src/stm32f1-stdperiph/stm32f10x_gpio.o
                0x0000000008000378                GPIO_Init
 .text.GPIO_ReadInputDataBit
                0x00000000080004ac       0xb8 ./system/src/stm32f1-stdperiph/stm32f10x_gpio.o
                0x00000000080004ac                GPIO_ReadInputDataBit
 .text.RCC_APB2PeriphClockCmd
                0x0000000008000564       0x4c ./system/src/stm32f1-stdperiph/stm32f10x_rcc.o
                0x0000000008000564                RCC_APB2PeriphClockCmd
 .text._exit    0x00000000080005b0        0x2 ./system/src/newlib/_exit.o
                0x00000000080005b0                _exit
 *fill*         0x00000000080005b2        0x2 
 .text.abort    0x00000000080005b4       0x14 ./system/src/newlib/_exit.o
                0x00000000080005b4                abort
 .text._sbrk    0x00000000080005c8       0x44 ./system/src/newlib/_sbrk.o
                0x00000000080005c8                _sbrk
 .text.__initialize_args
                0x000000000800060c       0x10 ./system/src/newlib/_syscalls.o
                0x000000000800060c                __initialize_args
 .text.assert_failed
                0x000000000800061c       0x14 ./system/src/newlib/assert.o
                0x000000000800061c                assert_failed
 .text.trace_printf
                0x0000000008000630       0x34 ./system/src/diag/Trace.o
                0x0000000008000630                trace_printf
 .text.trace_puts
                0x0000000008000664       0x20 ./system/src/diag/Trace.o
                0x0000000008000664                trace_puts
 .text._trace_write_semihosting_debug
                0x0000000008000684       0x60 ./system/src/diag/trace_impl.o
 .text.trace_write
                0x00000000080006e4        0x8 ./system/src/diag/trace_impl.o
                0x00000000080006e4                trace_write
 .text.__initialize_hardware_early
                0x00000000080006ec       0x18 ./system/src/cortexm/_initialize_hardware.o
                0x00000000080006ec                __initialize_hardware_early
 .text.__initialize_hardware
                0x0000000008000704        0x8 ./system/src/cortexm/_initialize_hardware.o
                0x0000000008000704                __initialize_hardware
 .text.dumpExceptionStack
                0x000000000800070c       0xf4 ./system/src/cortexm/exception_handlers.o
                0x000000000800070c                dumpExceptionStack
 .text.isSemihosting
                0x0000000008000800       0x20 ./system/src/cortexm/exception_handlers.o
                0x0000000008000800                isSemihosting
 .text.SetSysClockTo72
                0x0000000008000820       0xc4 ./system/src/cmsis/system_stm32f10x.o
 .text.SetSysClock
                0x00000000080008e4        0x8 ./system/src/cmsis/system_stm32f10x.o
 .text.SystemInit
                0x00000000080008ec       0x50 ./system/src/cmsis/system_stm32f10x.o
                0x00000000080008ec                SystemInit
 .text.SystemCoreClockUpdate
                0x000000000800093c       0x94 ./system/src/cmsis/system_stm32f10x.o
                0x000000000800093c                SystemCoreClockUpdate
 .text._ZN6ButtonC2EP12GPIO_TypeDeft
                0x00000000080009d0       0x28 ./src/Button.o
                0x00000000080009d0                Button::Button(GPIO_TypeDef*, unsigned short)
                0x00000000080009d0                Button::Button(GPIO_TypeDef*, unsigned short)
 .text._ZN6Button4readEv
                0x00000000080009f8       0x12 ./src/Button.o
                0x00000000080009f8                Button::read()
 .text._ZN3LedC2EP12GPIO_TypeDeft
                0x0000000008000a0a       0x28 ./src/Led.o
                0x0000000008000a0a                Led::Led(GPIO_TypeDef*, unsigned short)
                0x0000000008000a0a                Led::Led(GPIO_TypeDef*, unsigned short)
 .text._ZN3Led6invertEv
                0x0000000008000a32        0xc ./src/Led.o
                0x0000000008000a32                Led::invert()
 *fill*         0x0000000008000a3e        0x2 
 .text.main     0x0000000008000a40       0xa0 ./src/main.o
                0x0000000008000a40                main
 .text.__errno  0x0000000008000ae0        0xc c:/users/александра/appdata/roaming/xpacks/@gnu-mcu-eclipse/arm-none-eabi-gcc/8.2.1-1.3.1/.content/bin/../lib/gcc/arm-none-eabi/8.2.1/../../../../arm-none-eabi/lib/thumb/v7-m/nofp\libg_nano.a(lib_a-errno.o)
                0x0000000008000ae0                __errno
 .text          0x0000000008000aec       0x10 c:/users/александра/appdata/roaming/xpacks/@gnu-mcu-eclipse/arm-none-eabi-gcc/8.2.1-1.3.1/.content/bin/../lib/gcc/arm-none-eabi/8.2.1/../../../../arm-none-eabi/lib/thumb/v7-m/nofp\libg_nano.a(lib_a-strlen.o)
                0x0000000008000aec                strlen
 .text._vsnprintf_r
                0x0000000008000afc       0x58 c:/users/александра/appdata/roaming/xpacks/@gnu-mcu-eclipse/arm-none-eabi-gcc/8.2.1-1.3.1/.content/bin/../lib/gcc/arm-none-eabi/8.2.1/../../../../arm-none-eabi/lib/thumb/v7-m/nofp\libg_nano.a(lib_a-vsnprintf.o)
                0x0000000008000afc                _vsniprintf_r
                0x0000000008000afc                _vsnprintf_r
 .text.vsnprintf
                0x0000000008000b54       0x1c c:/users/александра/appdata/roaming/xpacks/@gnu-mcu-eclipse/arm-none-eabi-gcc/8.2.1-1.3.1/.content/bin/../lib/gcc/arm-none-eabi/8.2.1/../../../../arm-none-eabi/lib/thumb/v7-m/nofp\libg_nano.a(lib_a-vsnprintf.o)
                0x0000000008000b54                vsniprintf
                0x0000000008000b54                vsnprintf
 .text.__ssputs_r
                0x0000000008000b70       0xb6 c:/users/александра/appdata/roaming/xpacks/@gnu-mcu-eclipse/arm-none-eabi-gcc/8.2.1-1.3.1/.content/bin/../lib/gcc/arm-none-eabi/8.2.1/../../../../arm-none-eabi/lib/thumb/v7-m/nofp\libg_nano.a(lib_a-nano-svfprintf.o)
                0x0000000008000b70                __ssputs_r
 *fill*         0x0000000008000c26        0x2 
 .text._svfprintf_r
                0x0000000008000c28      0x1f0 c:/users/александра/appdata/roaming/xpacks/@gnu-mcu-eclipse/arm-none-eabi-gcc/8.2.1-1.3.1/.content/bin/../lib/gcc/arm-none-eabi/8.2.1/../../../../arm-none-eabi/lib/thumb/v7-m/nofp\libg_nano.a(lib_a-nano-svfprintf.o)
                0x0000000008000c28                _svfiprintf_r
                0x0000000008000c28                _svfprintf_r
 .text._printf_common
                0x0000000008000e18       0xec c:/users/александра/appdata/roaming/xpacks/@gnu-mcu-eclipse/arm-none-eabi-gcc/8.2.1-1.3.1/.content/bin/../lib/gcc/arm-none-eabi/8.2.1/../../../../arm-none-eabi/lib/thumb/v7-m/nofp\libg_nano.a(lib_a-nano-vfprintf_i.o)
                0x0000000008000e18                _printf_common
 .text._printf_i
                0x0000000008000f04      0x22c c:/users/александра/appdata/roaming/xpacks/@gnu-mcu-eclipse/arm-none-eabi-gcc/8.2.1-1.3.1/.content/bin/../lib/gcc/arm-none-eabi/8.2.1/../../../../arm-none-eabi/lib/thumb/v7-m/nofp\libg_nano.a(lib_a-nano-vfprintf_i.o)
                0x0000000008000f04                _printf_i
 .text.memchr   0x0000000008001130       0x1c c:/users/александра/appdata/roaming/xpacks/@gnu-mcu-eclipse/arm-none-eabi-gcc/8.2.1-1.3.1/.content/bin/../lib/gcc/arm-none-eabi/8.2.1/../../../../arm-none-eabi/lib/thumb/v7-m/nofp\libg_nano.a(lib_a-memchr-stub.o)
                0x0000000008001130                memchr
 .text.memcpy   0x000000000800114c       0x1c c:/users/александра/appdata/roaming/xpacks/@gnu-mcu-eclipse/arm-none-eabi-gcc/8.2.1-1.3.1/.content/bin/../lib/gcc/arm-none-eabi/8.2.1/../../../../arm-none-eabi/lib/thumb/v7-m/nofp\libg_nano.a(lib_a-memcpy-stub.o)
                0x000000000800114c                memcpy
 .text.memmove  0x0000000008001168       0x34 c:/users/александра/appdata/roaming/xpacks/@gnu-mcu-eclipse/arm-none-eabi-gcc/8.2.1-1.3.1/.content/bin/../lib/gcc/arm-none-eabi/8.2.1/../../../../arm-none-eabi/lib/thumb/v7-m/nofp\libg_nano.a(lib_a-memmove.o)
                0x0000000008001168                memmove
 .text._free_r  0x000000000800119c       0x98 c:/users/александра/appdata/roaming/xpacks/@gnu-mcu-eclipse/arm-none-eabi-gcc/8.2.1-1.3.1/.content/bin/../lib/gcc/arm-none-eabi/8.2.1/../../../../arm-none-eabi/lib/thumb/v7-m/nofp\libg_nano.a(lib_a-nano-freer.o)
                0x000000000800119c                _free_r
 .text._malloc_r
                0x0000000008001234       0xb4 c:/users/александра/appdata/roaming/xpacks/@gnu-mcu-eclipse/arm-none-eabi-gcc/8.2.1-1.3.1/.content/bin/../lib/gcc/arm-none-eabi/8.2.1/../../../../arm-none-eabi/lib/thumb/v7-m/nofp\libg_nano.a(lib_a-nano-mallocr.o)
                0x0000000008001234                _malloc_r
 .text._realloc_r
                0x00000000080012e8       0x4c c:/users/александра/appdata/roaming/xpacks/@gnu-mcu-eclipse/arm-none-eabi-gcc/8.2.1-1.3.1/.content/bin/../lib/gcc/arm-none-eabi/8.2.1/../../../../arm-none-eabi/lib/thumb/v7-m/nofp\libg_nano.a(lib_a-nano-reallocr.o)
                0x00000000080012e8                _realloc_r
 .text._sbrk_r  0x0000000008001334       0x20 c:/users/александра/appdata/roaming/xpacks/@gnu-mcu-eclipse/arm-none-eabi-gcc/8.2.1-1.3.1/.content/bin/../lib/gcc/arm-none-eabi/8.2.1/../../../../arm-none-eabi/lib/thumb/v7-m/nofp\libg_nano.a(lib_a-sbrkr.o)
                0x0000000008001334                _sbrk_r
 .text.__malloc_lock
                0x0000000008001354        0xc c:/users/александра/appdata/roaming/xpacks/@gnu-mcu-eclipse/arm-none-eabi-gcc/8.2.1-1.3.1/.content/bin/../lib/gcc/arm-none-eabi/8.2.1/../../../../arm-none-eabi/lib/thumb/v7-m/nofp\libg_nano.a(lib_a-mlock.o)
                0x0000000008001354                __malloc_lock
 .text.__malloc_unlock
                0x0000000008001360        0xc c:/users/александра/appdata/roaming/xpacks/@gnu-mcu-eclipse/arm-none-eabi-gcc/8.2.1-1.3.1/.content/bin/../lib/gcc/arm-none-eabi/8.2.1/../../../../arm-none-eabi/lib/thumb/v7-m/nofp\libg_nano.a(lib_a-mlock.o)
                0x0000000008001360                __malloc_unlock
 .text._malloc_usable_size_r
                0x000000000800136c       0x10 c:/users/александра/appdata/roaming/xpacks/@gnu-mcu-eclipse/arm-none-eabi-gcc/8.2.1-1.3.1/.content/bin/../lib/gcc/arm-none-eabi/8.2.1/../../../../arm-none-eabi/lib/thumb/v7-m/nofp\libg_nano.a(lib_a-nano-msizer.o)
                0x000000000800136c                _malloc_usable_size_r
 .text.__retarget_lock_acquire_recursive
                0x000000000800137c        0x2 c:/users/александра/appdata/roaming/xpacks/@gnu-mcu-eclipse/arm-none-eabi-gcc/8.2.1-1.3.1/.content/bin/../lib/gcc/arm-none-eabi/8.2.1/../../../../arm-none-eabi/lib/thumb/v7-m/nofp\libg_nano.a(lib_a-lock.o)
                0x000000000800137c                __retarget_lock_acquire_recursive
 .text.__retarget_lock_release_recursive
                0x000000000800137e        0x2 c:/users/александра/appdata/roaming/xpacks/@gnu-mcu-eclipse/arm-none-eabi-gcc/8.2.1-1.3.1/.content/bin/../lib/gcc/arm-none-eabi/8.2.1/../../../../arm-none-eabi/lib/thumb/v7-m/nofp\libg_nano.a(lib_a-lock.o)
                0x000000000800137e                __retarget_lock_release_recursive
 *(.rodata .rodata.* .constdata .constdata.*)
 .rodata.GPIO_DeInit.str1.4
                0x0000000008001380       0x31 ./system/src/stm32f1-stdperiph/stm32f10x_gpio.o
 *fill*         0x00000000080013b1        0x3 
 .rodata.RCC_HSEConfig.str1.4
                0x00000000080013b4       0x30 ./system/src/stm32f1-stdperiph/stm32f10x_rcc.o
 .rodata.abort.str1.4
                0x00000000080013e4       0x14 ./system/src/newlib/_exit.o
 .rodata.assert_failed.str1.4
                0x00000000080013f8       0x2b ./system/src/newlib/assert.o
 .rodata.trace_puts.str1.4
                0x0000000008001423       0x2b ./system/src/diag/Trace.o
                                          0x2 (size before relaxing)
 *fill*         0x0000000008001423        0x1 
 .rodata.dumpExceptionStack.str1.4
                0x0000000008001424      0x11a ./system/src/cortexm/exception_handlers.o
 *fill*         0x000000000800153e        0x2 
 .rodata.str1.4
                0x0000000008001540       0x2c ./system/src/cortexm/exception_handlers.o
                                         0x2a (size before relaxing)
 .rodata._svfprintf_r.str1.1
                0x000000000800156c       0x11 c:/users/александра/appdata/roaming/xpacks/@gnu-mcu-eclipse/arm-none-eabi-gcc/8.2.1-1.3.1/.content/bin/../lib/gcc/arm-none-eabi/8.2.1/../../../../arm-none-eabi/lib/thumb/v7-m/nofp\libg_nano.a(lib_a-nano-svfprintf.o)
 .rodata._printf_i.str1.1
                0x000000000800157d       0x22 c:/users/александра/appdata/roaming/xpacks/@gnu-mcu-eclipse/arm-none-eabi-gcc/8.2.1-1.3.1/.content/bin/../lib/gcc/arm-none-eabi/8.2.1/../../../../arm-none-eabi/lib/thumb/v7-m/nofp\libg_nano.a(lib_a-nano-vfprintf_i.o)
 *(vtable)
 *(.eh_frame*)
 *(.glue_7)
 .glue_7        0x000000000800159f        0x0 linker stubs
 *(.glue_7t)
 .glue_7t       0x000000000800159f        0x0 linker stubs

.vfp11_veneer   0x00000000080015a0        0x0
 .vfp11_veneer  0x00000000080015a0        0x0 linker stubs

.v4_bx          0x00000000080015a0        0x0
 .v4_bx         0x00000000080015a0        0x0 linker stubs

.iplt           0x00000000080015a0        0x0
 .iplt          0x00000000080015a0        0x0 ./system/src/stm32f1-stdperiph/stm32f10x_gpio.o

.rel.dyn        0x00000000080015a0        0x0
 .rel.iplt      0x00000000080015a0        0x0 ./system/src/stm32f1-stdperiph/stm32f10x_gpio.o

.ARM.extab
 *(.ARM.extab* .gnu.linkonce.armextab.*)
                0x00000000080015a0                . = ALIGN (0x4)
                0x00000000080015a0                __exidx_start = .

.ARM.exidx
 *(.ARM.exidx* .gnu.linkonce.armexidx.*)
                0x00000000080015a0                __exidx_end = .
                0x00000000080015a0                . = ALIGN (0x4)
                0x00000000080015a0                _etext = .
                0x00000000080015a0                __etext = .

.data_CCMRAM    0x0000000000000000        0x0 load address 0x00000000080015a0
 FILL mask 0xff
 *(.data.CCMRAM .data.CCMRAM.*)
                0x0000000000000000                . = ALIGN (0x4)
                0x00000000080015a0                _sidata = LOADADDR (.data)

.data           0x0000000020000000       0x88 load address 0x00000000080015a0
 FILL mask 0xff
                0x0000000020000000                _sdata = .
                0x0000000020000000                __data_start__ = .
 *(.data_begin .data_begin.*)
 .data_begin    0x0000000020000000        0x4 ./system/src/newlib/_startup.o
 *(.data .data.*)
 .data.argv.4374
                0x0000000020000004        0x8 ./system/src/newlib/_syscalls.o
 .data.AHBPrescTable
                0x000000002000000c       0x10 ./system/src/cmsis/system_stm32f10x.o
                0x000000002000000c                AHBPrescTable
 .data.SystemCoreClock
                0x000000002000001c        0x4 ./system/src/cmsis/system_stm32f10x.o
                0x000000002000001c                SystemCoreClock
 .data._impure_ptr
                0x0000000020000020        0x4 c:/users/александра/appdata/roaming/xpacks/@gnu-mcu-eclipse/arm-none-eabi-gcc/8.2.1-1.3.1/.content/bin/../lib/gcc/arm-none-eabi/8.2.1/../../../../arm-none-eabi/lib/thumb/v7-m/nofp\libg_nano.a(lib_a-impure.o)
                0x0000000020000020                _impure_ptr
 .data.impure_data
                0x0000000020000024       0x60 c:/users/александра/appdata/roaming/xpacks/@gnu-mcu-eclipse/arm-none-eabi-gcc/8.2.1-1.3.1/.content/bin/../lib/gcc/arm-none-eabi/8.2.1/../../../../arm-none-eabi/lib/thumb/v7-m/nofp\libg_nano.a(lib_a-impure.o)
 *(.data_end .data_end.*)
 .data_end      0x0000000020000084        0x4 ./system/src/newlib/_startup.o
                0x0000000020000088                . = ALIGN (0x4)
                0x0000000020000088                _edata = .
                0x0000000020000088                __data_end__ = .

.igot.plt       0x0000000020000088        0x0 load address 0x0000000008001628
 .igot.plt      0x0000000020000088        0x0 ./system/src/stm32f1-stdperiph/stm32f10x_gpio.o

.bss_CCMRAM     0x0000000000000000        0x0
 *(.bss.CCMRAM .bss.CCMRAM.*)

.bss            0x0000000020000088       0xa8
                0x0000000020000088                __bss_start__ = .
                0x0000000020000088                _sbss = .
 *(.bss_begin .bss_begin.*)
 .bss_begin     0x0000000020000088        0x4 ./system/src/newlib/_startup.o
 *(.bss .bss.*)
 .bss.current_heap_end.4004
                0x000000002000008c        0x4 ./system/src/newlib/_sbrk.o
 .bss.name.4373
                0x0000000020000090        0x1 ./system/src/newlib/_syscalls.o
 *fill*         0x0000000020000091        0x3 
 .bss.buf.5248  0x0000000020000094       0x80 ./system/src/diag/Trace.o
 .bss.__malloc_free_list
                0x0000000020000114        0x4 c:/users/александра/appdata/roaming/xpacks/@gnu-mcu-eclipse/arm-none-eabi-gcc/8.2.1-1.3.1/.content/bin/../lib/gcc/arm-none-eabi/8.2.1/../../../../arm-none-eabi/lib/thumb/v7-m/nofp\libg_nano.a(lib_a-nano-mallocr.o)
                0x0000000020000114                __malloc_free_list
 .bss.__malloc_sbrk_start
                0x0000000020000118        0x4 c:/users/александра/appdata/roaming/xpacks/@gnu-mcu-eclipse/arm-none-eabi-gcc/8.2.1-1.3.1/.content/bin/../lib/gcc/arm-none-eabi/8.2.1/../../../../arm-none-eabi/lib/thumb/v7-m/nofp\libg_nano.a(lib_a-nano-mallocr.o)
                0x0000000020000118                __malloc_sbrk_start
 *(COMMON)
 COMMON         0x000000002000011c        0x4 ./system/src/newlib/_syscalls.o
                0x000000002000011c                errno
 COMMON         0x0000000020000120        0x9 c:/users/александра/appdata/roaming/xpacks/@gnu-mcu-eclipse/arm-none-eabi-gcc/8.2.1-1.3.1/.content/bin/../lib/gcc/arm-none-eabi/8.2.1/../../../../arm-none-eabi/lib/thumb/v7-m/nofp\libg_nano.a(lib_a-lock.o)
                0x0000000020000120                __lock___atexit_recursive_mutex
                0x0000000020000121                __lock___arc4random_mutex
                0x0000000020000122                __lock___env_recursive_mutex
                0x0000000020000123                __lock___sinit_recursive_mutex
                0x0000000020000124                __lock___malloc_recursive_mutex
                0x0000000020000125                __lock___at_quick_exit_mutex
                0x0000000020000126                __lock___dd_hash_mutex
                0x0000000020000127                __lock___tz_mutex
                0x0000000020000128                __lock___sfp_recursive_mutex
 *(.bss_end .bss_end.*)
 *fill*         0x0000000020000129        0x3 
 .bss_end       0x000000002000012c        0x4 ./system/src/newlib/_startup.o
                0x0000000020000130                . = ALIGN (0x4)
                0x0000000020000130                __bss_end__ = .
                0x0000000020000130                _ebss = .

.noinit_CCMRAM
 *(.noinit.CCMRAM .noinit.CCMRAM.*)

.noinit         0x0000000020000130        0x0
                0x0000000020000130                _noinit = .
 *(.noinit .noinit.*)
                0x0000000020000130                . = ALIGN (0x4)
                0x0000000020000130                _end_noinit = .
                [!provide]                        PROVIDE (end = _end_noinit)
                [!provide]                        PROVIDE (_end = _end_noinit)
                [!provide]                        PROVIDE (__end = _end_noinit)
                [!provide]                        PROVIDE (__end__ = _end_noinit)

._check_stack   0x0000000020000130      0x100
                0x0000000020000230                . = (. + _Minimum_Stack_Size)
 *fill*         0x0000000020000130      0x100 

.b1text
 *(.b1text)
 *(.b1rodata)
 *(.b1rodata.*)

.eb0text
 *(.eb0text)
 *(.eb0rodata)
 *(.eb0rodata.*)

.eb1text
 *(.eb1text)
 *(.eb1rodata)
 *(.eb1rodata.*)

.eb2text
 *(.eb2text)
 *(.eb2rodata)
 *(.eb2rodata.*)

.eb3text
 *(.eb3text)
 *(.eb3rodata)
 *(.eb3rodata.*)

.stab
 *(.stab)

.stabstr
 *(.stabstr)

.stab.excl
 *(.stab.excl)

.stab.exclstr
 *(.stab.exclstr)

.stab.index
 *(.stab.index)

.stab.indexstr
 *(.stab.indexstr)

.comment        0x0000000000000000       0x68
 *(.comment)
 .comment       0x0000000000000000       0x68 ./system/src/stm32f1-stdperiph/stm32f10x_gpio.o
                                         0x69 (size before relaxing)
 .comment       0x0000000000000068       0x69 ./system/src/stm32f1-stdperiph/stm32f10x_rcc.o
 .comment       0x0000000000000068       0x69 ./system/src/newlib/_exit.o
 .comment       0x0000000000000068       0x69 ./system/src/newlib/_sbrk.o
 .comment       0x0000000000000068       0x69 ./system/src/newlib/_startup.o
 .comment       0x0000000000000068       0x69 ./system/src/newlib/_syscalls.o
 .comment       0x0000000000000068       0x69 ./system/src/newlib/assert.o
 .comment       0x0000000000000068       0x69 ./system/src/diag/Trace.o
 .comment       0x0000000000000068       0x69 ./system/src/diag/trace_impl.o
 .comment       0x0000000000000068       0x69 ./system/src/cortexm/_initialize_hardware.o
 .comment       0x0000000000000068       0x69 ./system/src/cortexm/exception_handlers.o
 .comment       0x0000000000000068       0x69 ./system/src/cmsis/system_stm32f10x.o
 .comment       0x0000000000000068       0x69 ./system/src/cmsis/vectors_stm32f10x.o
 .comment       0x0000000000000068       0x69 ./src/Button.o
 .comment       0x0000000000000068       0x69 ./src/Led.o
 .comment       0x0000000000000068       0x69 ./src/main.o

.ARM.attributes
                0x0000000000000000       0x2b
 .ARM.attributes
                0x0000000000000000       0x2d ./system/src/stm32f1-stdperiph/stm32f10x_gpio.o
 .ARM.attributes
                0x000000000000002d       0x2d ./system/src/stm32f1-stdperiph/stm32f10x_rcc.o
 .ARM.attributes
                0x000000000000005a       0x2d ./system/src/newlib/_exit.o
 .ARM.attributes
                0x0000000000000087       0x2d ./system/src/newlib/_sbrk.o
 .ARM.attributes
                0x00000000000000b4       0x2d ./system/src/newlib/_startup.o
 .ARM.attributes
                0x00000000000000e1       0x2d ./system/src/newlib/_syscalls.o
 .ARM.attributes
                0x000000000000010e       0x2d ./system/src/newlib/assert.o
 .ARM.attributes
                0x000000000000013b       0x2d ./system/src/diag/Trace.o
 .ARM.attributes
                0x0000000000000168       0x2d ./system/src/diag/trace_impl.o
 .ARM.attributes
                0x0000000000000195       0x2d ./system/src/cortexm/_initialize_hardware.o
 .ARM.attributes
                0x00000000000001c2       0x2d ./system/src/cortexm/exception_handlers.o
 .ARM.attributes
                0x00000000000001ef       0x2d ./system/src/cmsis/system_stm32f10x.o
 .ARM.attributes
                0x000000000000021c       0x2d ./system/src/cmsis/vectors_stm32f10x.o
 .ARM.attributes
                0x0000000000000249       0x2d ./src/Button.o
 .ARM.attributes
                0x0000000000000276       0x2d ./src/Led.o
 .ARM.attributes
                0x00000000000002a3       0x2d ./src/main.o
 .ARM.attributes
                0x00000000000002d0       0x2d c:/users/александра/appdata/roaming/xpacks/@gnu-mcu-eclipse/arm-none-eabi-gcc/8.2.1-1.3.1/.content/bin/../lib/gcc/arm-none-eabi/8.2.1/../../../../arm-none-eabi/lib/thumb/v7-m/nofp\libg_nano.a(lib_a-errno.o)
 .ARM.attributes
                0x00000000000002fd       0x2d c:/users/александра/appdata/roaming/xpacks/@gnu-mcu-eclipse/arm-none-eabi-gcc/8.2.1-1.3.1/.content/bin/../lib/gcc/arm-none-eabi/8.2.1/../../../../arm-none-eabi/lib/thumb/v7-m/nofp\libg_nano.a(lib_a-impure.o)
 .ARM.attributes
                0x000000000000032a       0x17 c:/users/александра/appdata/roaming/xpacks/@gnu-mcu-eclipse/arm-none-eabi-gcc/8.2.1-1.3.1/.content/bin/../lib/gcc/arm-none-eabi/8.2.1/../../../../arm-none-eabi/lib/thumb/v7-m/nofp\libg_nano.a(lib_a-strlen.o)
 .ARM.attributes
                0x0000000000000341       0x2d c:/users/александра/appdata/roaming/xpacks/@gnu-mcu-eclipse/arm-none-eabi-gcc/8.2.1-1.3.1/.content/bin/../lib/gcc/arm-none-eabi/8.2.1/../../../../arm-none-eabi/lib/thumb/v7-m/nofp\libg_nano.a(lib_a-vsnprintf.o)
 .ARM.attributes
                0x000000000000036e       0x2d c:/users/александра/appdata/roaming/xpacks/@gnu-mcu-eclipse/arm-none-eabi-gcc/8.2.1-1.3.1/.content/bin/../lib/gcc/arm-none-eabi/8.2.1/../../../../arm-none-eabi/lib/thumb/v7-m/nofp\libg_nano.a(lib_a-nano-svfprintf.o)
 .ARM.attributes
                0x000000000000039b       0x2d c:/users/александра/appdata/roaming/xpacks/@gnu-mcu-eclipse/arm-none-eabi-gcc/8.2.1-1.3.1/.content/bin/../lib/gcc/arm-none-eabi/8.2.1/../../../../arm-none-eabi/lib/thumb/v7-m/nofp\libg_nano.a(lib_a-nano-vfprintf_i.o)
 .ARM.attributes
                0x00000000000003c8       0x2d c:/users/александра/appdata/roaming/xpacks/@gnu-mcu-eclipse/arm-none-eabi-gcc/8.2.1-1.3.1/.content/bin/../lib/gcc/arm-none-eabi/8.2.1/../../../../arm-none-eabi/lib/thumb/v7-m/nofp\libg_nano.a(lib_a-memchr-stub.o)
 .ARM.attributes
                0x00000000000003f5       0x2d c:/users/александра/appdata/roaming/xpacks/@gnu-mcu-eclipse/arm-none-eabi-gcc/8.2.1-1.3.1/.content/bin/../lib/gcc/arm-none-eabi/8.2.1/../../../../arm-none-eabi/lib/thumb/v7-m/nofp\libg_nano.a(lib_a-memcpy-stub.o)
 .ARM.attributes
                0x0000000000000422       0x2d c:/users/александра/appdata/roaming/xpacks/@gnu-mcu-eclipse/arm-none-eabi-gcc/8.2.1-1.3.1/.content/bin/../lib/gcc/arm-none-eabi/8.2.1/../../../../arm-none-eabi/lib/thumb/v7-m/nofp\libg_nano.a(lib_a-memmove.o)
 .ARM.attributes
                0x000000000000044f       0x2d c:/users/александра/appdata/roaming/xpacks/@gnu-mcu-eclipse/arm-none-eabi-gcc/8.2.1-1.3.1/.content/bin/../lib/gcc/arm-none-eabi/8.2.1/../../../../arm-none-eabi/lib/thumb/v7-m/nofp\libg_nano.a(lib_a-nano-freer.o)
 .ARM.attributes
                0x000000000000047c       0x2d c:/users/александра/appdata/roaming/xpacks/@gnu-mcu-eclipse/arm-none-eabi-gcc/8.2.1-1.3.1/.content/bin/../lib/gcc/arm-none-eabi/8.2.1/../../../../arm-none-eabi/lib/thumb/v7-m/nofp\libg_nano.a(lib_a-nano-mallocr.o)
 .ARM.attributes
                0x00000000000004a9       0x2d c:/users/александра/appdata/roaming/xpacks/@gnu-mcu-eclipse/arm-none-eabi-gcc/8.2.1-1.3.1/.content/bin/../lib/gcc/arm-none-eabi/8.2.1/../../../../arm-none-eabi/lib/thumb/v7-m/nofp\libg_nano.a(lib_a-nano-reallocr.o)
 .ARM.attributes
                0x00000000000004d6       0x2d c:/users/александра/appdata/roaming/xpacks/@gnu-mcu-eclipse/arm-none-eabi-gcc/8.2.1-1.3.1/.content/bin/../lib/gcc/arm-none-eabi/8.2.1/../../../../arm-none-eabi/lib/thumb/v7-m/nofp\libg_nano.a(lib_a-sbrkr.o)
 .ARM.attributes
                0x0000000000000503       0x2d c:/users/александра/appdata/roaming/xpacks/@gnu-mcu-eclipse/arm-none-eabi-gcc/8.2.1-1.3.1/.content/bin/../lib/gcc/arm-none-eabi/8.2.1/../../../../arm-none-eabi/lib/thumb/v7-m/nofp\libg_nano.a(lib_a-mlock.o)
 .ARM.attributes
                0x0000000000000530       0x2d c:/users/александра/appdata/roaming/xpacks/@gnu-mcu-eclipse/arm-none-eabi-gcc/8.2.1-1.3.1/.content/bin/../lib/gcc/arm-none-eabi/8.2.1/../../../../arm-none-eabi/lib/thumb/v7-m/nofp\libg_nano.a(lib_a-nano-msizer.o)
 .ARM.attributes
                0x000000000000055d       0x2d c:/users/александра/appdata/roaming/xpacks/@gnu-mcu-eclipse/arm-none-eabi-gcc/8.2.1-1.3.1/.content/bin/../lib/gcc/arm-none-eabi/8.2.1/../../../../arm-none-eabi/lib/thumb/v7-m/nofp\libg_nano.a(lib_a-lock.o)

.debug
 *(.debug)

.line
 *(.line)

.debug_srcinfo
 *(.debug_srcinfo)

.debug_sfnames
 *(.debug_sfnames)

.debug_aranges  0x0000000000000000      0x498
 *(.debug_aranges)
 .debug_aranges
                0x0000000000000000       0xa8 ./system/src/stm32f1-stdperiph/stm32f10x_gpio.o
 .debug_aranges
                0x00000000000000a8      0x118 ./system/src/stm32f1-stdperiph/stm32f10x_rcc.o
 .debug_aranges
                0x00000000000001c0       0x28 ./system/src/newlib/_exit.o
 .debug_aranges
                0x00000000000001e8       0x20 ./system/src/newlib/_sbrk.o
 .debug_aranges
                0x0000000000000208       0x40 ./system/src/newlib/_startup.o
 .debug_aranges
                0x0000000000000248       0x30 ./system/src/newlib/_syscalls.o
 .debug_aranges
                0x0000000000000278       0x28 ./system/src/newlib/assert.o
 .debug_aranges
                0x00000000000002a0       0x38 ./system/src/diag/Trace.o
 .debug_aranges
                0x00000000000002d8       0x30 ./system/src/diag/trace_impl.o
 .debug_aranges
                0x0000000000000308       0x28 ./system/src/cortexm/_initialize_hardware.o
 .debug_aranges
                0x0000000000000330       0x90 ./system/src/cortexm/exception_handlers.o
 .debug_aranges
                0x00000000000003c0       0x38 ./system/src/cmsis/system_stm32f10x.o
 .debug_aranges
                0x00000000000003f8       0x20 ./system/src/cmsis/vectors_stm32f10x.o
 .debug_aranges
                0x0000000000000418       0x28 ./src/Button.o
 .debug_aranges
                0x0000000000000440       0x38 ./src/Led.o
 .debug_aranges
                0x0000000000000478       0x20 ./src/main.o

.debug_pubnames
 *(.debug_pubnames)

.debug_info     0x0000000000000000     0x90fa
 *(.debug_info .gnu.linkonce.wi.*)
 .debug_info    0x0000000000000000      0xce4 ./system/src/stm32f1-stdperiph/stm32f10x_gpio.o
 .debug_info    0x0000000000000ce4      0xdbb ./system/src/stm32f1-stdperiph/stm32f10x_rcc.o
 .debug_info    0x0000000000001a9f      0x9e7 ./system/src/newlib/_exit.o
 .debug_info    0x0000000000002486      0x9d4 ./system/src/newlib/_sbrk.o
 .debug_info    0x0000000000002e5a      0x4ce ./system/src/newlib/_startup.o
 .debug_info    0x0000000000003328      0xab9 ./system/src/newlib/_syscalls.o
 .debug_info    0x0000000000003de1      0xaaa ./system/src/newlib/assert.o
 .debug_info    0x000000000000488b      0xbdb ./system/src/diag/Trace.o
 .debug_info    0x0000000000005466      0x3be ./system/src/diag/trace_impl.o
 .debug_info    0x0000000000005824      0x2d6 ./system/src/cortexm/_initialize_hardware.o
 .debug_info    0x0000000000005afa     0x127b ./system/src/cortexm/exception_handlers.o
 .debug_info    0x0000000000006d75      0x4e0 ./system/src/cmsis/system_stm32f10x.o
 .debug_info    0x0000000000007255       0xce ./system/src/cmsis/vectors_stm32f10x.o
 .debug_info    0x0000000000007323      0x388 ./src/Button.o
 .debug_info    0x00000000000076ab      0x459 ./src/Led.o
 .debug_info    0x0000000000007b04     0x15f6 ./src/main.o

.debug_abbrev   0x0000000000000000     0x23e8
 *(.debug_abbrev)
 .debug_abbrev  0x0000000000000000      0x24b ./system/src/stm32f1-stdperiph/stm32f10x_gpio.o
 .debug_abbrev  0x000000000000024b      0x240 ./system/src/stm32f1-stdperiph/stm32f10x_rcc.o
 .debug_abbrev  0x000000000000048b      0x222 ./system/src/newlib/_exit.o
 .debug_abbrev  0x00000000000006ad      0x232 ./system/src/newlib/_sbrk.o
 .debug_abbrev  0x00000000000008df      0x1d7 ./system/src/newlib/_startup.o
 .debug_abbrev  0x0000000000000ab6      0x26d ./system/src/newlib/_syscalls.o
 .debug_abbrev  0x0000000000000d23      0x222 ./system/src/newlib/assert.o
 .debug_abbrev  0x0000000000000f45      0x2c6 ./system/src/diag/Trace.o
 .debug_abbrev  0x000000000000120b      0x221 ./system/src/diag/trace_impl.o
 .debug_abbrev  0x000000000000142c       0xfc ./system/src/cortexm/_initialize_hardware.o
 .debug_abbrev  0x0000000000001528      0x372 ./system/src/cortexm/exception_handlers.o
 .debug_abbrev  0x000000000000189a      0x19d ./system/src/cmsis/system_stm32f10x.o
 .debug_abbrev  0x0000000000001a37       0xa5 ./system/src/cmsis/vectors_stm32f10x.o
 .debug_abbrev  0x0000000000001adc      0x254 ./src/Button.o
 .debug_abbrev  0x0000000000001d30      0x26f ./src/Led.o
 .debug_abbrev  0x0000000000001f9f      0x449 ./src/main.o

.debug_line     0x0000000000000000     0x6446
 *(.debug_line)
 .debug_line    0x0000000000000000      0xd16 ./system/src/stm32f1-stdperiph/stm32f10x_gpio.o
 .debug_line    0x0000000000000d16      0xdf5 ./system/src/stm32f1-stdperiph/stm32f10x_rcc.o
 .debug_line    0x0000000000001b0b      0x416 ./system/src/newlib/_exit.o
 .debug_line    0x0000000000001f21      0x407 ./system/src/newlib/_sbrk.o
 .debug_line    0x0000000000002328      0x628 ./system/src/newlib/_startup.o
 .debug_line    0x0000000000002950      0x519 ./system/src/newlib/_syscalls.o
 .debug_line    0x0000000000002e69      0x459 ./system/src/newlib/assert.o
 .debug_line    0x00000000000032c2      0x4f2 ./system/src/diag/Trace.o
 .debug_line    0x00000000000037b4      0x76a ./system/src/diag/trace_impl.o
 .debug_line    0x0000000000003f1e      0x3b2 ./system/src/cortexm/_initialize_hardware.o
 .debug_line    0x00000000000042d0      0x957 ./system/src/cortexm/exception_handlers.o
 .debug_line    0x0000000000004c27      0x5be ./system/src/cmsis/system_stm32f10x.o
 .debug_line    0x00000000000051e5      0x13d ./system/src/cmsis/vectors_stm32f10x.o
 .debug_line    0x0000000000005322      0x3c1 ./src/Button.o
 .debug_line    0x00000000000056e3      0x3fb ./src/Led.o
 .debug_line    0x0000000000005ade      0x968 ./src/main.o

.debug_frame    0x0000000000000000      0xe1c
 *(.debug_frame)
 .debug_frame   0x0000000000000000      0x1e8 ./system/src/stm32f1-stdperiph/stm32f10x_gpio.o
 .debug_frame   0x00000000000001e8      0x320 ./system/src/stm32f1-stdperiph/stm32f10x_rcc.o
 .debug_frame   0x0000000000000508       0x38 ./system/src/newlib/_exit.o
 .debug_frame   0x0000000000000540       0x28 ./system/src/newlib/_sbrk.o
 .debug_frame   0x0000000000000568       0x7c ./system/src/newlib/_startup.o
 .debug_frame   0x00000000000005e4       0x50 ./system/src/newlib/_syscalls.o
 .debug_frame   0x0000000000000634       0x40 ./system/src/newlib/assert.o
 .debug_frame   0x0000000000000674       0x94 ./system/src/diag/Trace.o
 .debug_frame   0x0000000000000708       0x64 ./system/src/diag/trace_impl.o
 .debug_frame   0x000000000000076c       0x40 ./system/src/cortexm/_initialize_hardware.o
 .debug_frame   0x00000000000007ac      0x158 ./system/src/cortexm/exception_handlers.o
 .debug_frame   0x0000000000000904       0x6c ./system/src/cmsis/system_stm32f10x.o
 .debug_frame   0x0000000000000970       0x20 ./system/src/cmsis/vectors_stm32f10x.o
 .debug_frame   0x0000000000000990       0x48 ./src/Button.o
 .debug_frame   0x00000000000009d8       0x70 ./src/Led.o
 .debug_frame   0x0000000000000a48       0x30 ./src/main.o
 .debug_frame   0x0000000000000a78       0x20 c:/users/александра/appdata/roaming/xpacks/@gnu-mcu-eclipse/arm-none-eabi-gcc/8.2.1-1.3.1/.content/bin/../lib/gcc/arm-none-eabi/8.2.1/../../../../arm-none-eabi/lib/thumb/v7-m/nofp\libg_nano.a(lib_a-errno.o)
 .debug_frame   0x0000000000000a98       0x4c c:/users/александра/appdata/roaming/xpacks/@gnu-mcu-eclipse/arm-none-eabi-gcc/8.2.1-1.3.1/.content/bin/../lib/gcc/arm-none-eabi/8.2.1/../../../../arm-none-eabi/lib/thumb/v7-m/nofp\libg_nano.a(lib_a-vsnprintf.o)
 .debug_frame   0x0000000000000ae4       0x90 c:/users/александра/appdata/roaming/xpacks/@gnu-mcu-eclipse/arm-none-eabi-gcc/8.2.1-1.3.1/.content/bin/../lib/gcc/arm-none-eabi/8.2.1/../../../../arm-none-eabi/lib/thumb/v7-m/nofp\libg_nano.a(lib_a-nano-svfprintf.o)
 .debug_frame   0x0000000000000b74       0x60 c:/users/александра/appdata/roaming/xpacks/@gnu-mcu-eclipse/arm-none-eabi-gcc/8.2.1-1.3.1/.content/bin/../lib/gcc/arm-none-eabi/8.2.1/../../../../arm-none-eabi/lib/thumb/v7-m/nofp\libg_nano.a(lib_a-nano-vfprintf_i.o)
 .debug_frame   0x0000000000000bd4       0x28 c:/users/александра/appdata/roaming/xpacks/@gnu-mcu-eclipse/arm-none-eabi-gcc/8.2.1-1.3.1/.content/bin/../lib/gcc/arm-none-eabi/8.2.1/../../../../arm-none-eabi/lib/thumb/v7-m/nofp\libg_nano.a(lib_a-memchr-stub.o)
 .debug_frame   0x0000000000000bfc       0x28 c:/users/александра/appdata/roaming/xpacks/@gnu-mcu-eclipse/arm-none-eabi-gcc/8.2.1-1.3.1/.content/bin/../lib/gcc/arm-none-eabi/8.2.1/../../../../arm-none-eabi/lib/thumb/v7-m/nofp\libg_nano.a(lib_a-memcpy-stub.o)
 .debug_frame   0x0000000000000c24       0x28 c:/users/александра/appdata/roaming/xpacks/@gnu-mcu-eclipse/arm-none-eabi-gcc/8.2.1-1.3.1/.content/bin/../lib/gcc/arm-none-eabi/8.2.1/../../../../arm-none-eabi/lib/thumb/v7-m/nofp\libg_nano.a(lib_a-memmove.o)
 .debug_frame   0x0000000000000c4c       0x38 c:/users/александра/appdata/roaming/xpacks/@gnu-mcu-eclipse/arm-none-eabi-gcc/8.2.1-1.3.1/.content/bin/../lib/gcc/arm-none-eabi/8.2.1/../../../../arm-none-eabi/lib/thumb/v7-m/nofp\libg_nano.a(lib_a-nano-freer.o)
 .debug_frame   0x0000000000000c84       0x30 c:/users/александра/appdata/roaming/xpacks/@gnu-mcu-eclipse/arm-none-eabi-gcc/8.2.1-1.3.1/.content/bin/../lib/gcc/arm-none-eabi/8.2.1/../../../../arm-none-eabi/lib/thumb/v7-m/nofp\libg_nano.a(lib_a-nano-mallocr.o)
 .debug_frame   0x0000000000000cb4       0x3c c:/users/александра/appdata/roaming/xpacks/@gnu-mcu-eclipse/arm-none-eabi-gcc/8.2.1-1.3.1/.content/bin/../lib/gcc/arm-none-eabi/8.2.1/../../../../arm-none-eabi/lib/thumb/v7-m/nofp\libg_nano.a(lib_a-nano-reallocr.o)
 .debug_frame   0x0000000000000cf0       0x2c c:/users/александра/appdata/roaming/xpacks/@gnu-mcu-eclipse/arm-none-eabi-gcc/8.2.1-1.3.1/.content/bin/../lib/gcc/arm-none-eabi/8.2.1/../../../../arm-none-eabi/lib/thumb/v7-m/nofp\libg_nano.a(lib_a-sbrkr.o)
 .debug_frame   0x0000000000000d1c       0x30 c:/users/александра/appdata/roaming/xpacks/@gnu-mcu-eclipse/arm-none-eabi-gcc/8.2.1-1.3.1/.content/bin/../lib/gcc/arm-none-eabi/8.2.1/../../../../arm-none-eabi/lib/thumb/v7-m/nofp\libg_nano.a(lib_a-mlock.o)
 .debug_frame   0x0000000000000d4c       0x20 c:/users/александра/appdata/roaming/xpacks/@gnu-mcu-eclipse/arm-none-eabi-gcc/8.2.1-1.3.1/.content/bin/../lib/gcc/arm-none-eabi/8.2.1/../../../../arm-none-eabi/lib/thumb/v7-m/nofp\libg_nano.a(lib_a-nano-msizer.o)
 .debug_frame   0x0000000000000d6c       0xb0 c:/users/александра/appdata/roaming/xpacks/@gnu-mcu-eclipse/arm-none-eabi-gcc/8.2.1-1.3.1/.content/bin/../lib/gcc/arm-none-eabi/8.2.1/../../../../arm-none-eabi/lib/thumb/v7-m/nofp\libg_nano.a(lib_a-lock.o)

.debug_str      0x0000000000000000    0x58b90
 *(.debug_str)
 .debug_str     0x0000000000000000    0x4ec2c ./system/src/stm32f1-stdperiph/stm32f10x_gpio.o
                                      0x4ee0c (size before relaxing)
 .debug_str     0x000000000004ec2c      0xb4a ./system/src/stm32f1-stdperiph/stm32f10x_rcc.o
                                      0x4f3db (size before relaxing)
 .debug_str     0x000000000004f776     0x4ef3 ./system/src/newlib/_exit.o
                                       0x7eb4 (size before relaxing)
 .debug_str     0x0000000000054669      0x4ed ./system/src/newlib/_sbrk.o
                                       0x7266 (size before relaxing)
 .debug_str     0x0000000000054b56      0x260 ./system/src/newlib/_startup.o
                                       0x69a1 (size before relaxing)
 .debug_str     0x0000000000054db6      0xdef ./system/src/newlib/_syscalls.o
                                       0x80b2 (size before relaxing)
 .debug_str     0x0000000000055ba5       0xd0 ./system/src/newlib/assert.o
                                       0x89b9 (size before relaxing)
 .debug_str     0x0000000000055c75      0x819 ./system/src/diag/Trace.o
                                       0x862c (size before relaxing)
 .debug_str     0x000000000005648e      0x37b ./system/src/diag/trace_impl.o
                                      0x52a12 (size before relaxing)
 .debug_str     0x0000000000056809       0xb2 ./system/src/cortexm/_initialize_hardware.o
                                      0x4e8f6 (size before relaxing)
 .debug_str     0x00000000000568bb      0x19d ./system/src/cortexm/exception_handlers.o
                                      0x53c37 (size before relaxing)
 .debug_str     0x0000000000056a58       0x96 ./system/src/cmsis/system_stm32f10x.o
                                      0x4e990 (size before relaxing)
 .debug_str     0x0000000000056aee       0x57 ./system/src/cmsis/vectors_stm32f10x.o
                                       0x3935 (size before relaxing)
 .debug_str     0x0000000000056b45      0x5d0 ./src/Button.o
                                      0x4ed17 (size before relaxing)
 .debug_str     0x0000000000057115       0x8b ./src/Led.o
                                      0x4ed45 (size before relaxing)
 .debug_str     0x00000000000571a0     0x19f0 ./src/main.o
                                      0x55b69 (size before relaxing)

.debug_loc      0x0000000000000000     0x25ad
 *(.debug_loc)
 .debug_loc     0x0000000000000000      0x9f6 ./system/src/stm32f1-stdperiph/stm32f10x_gpio.o
 .debug_loc     0x00000000000009f6      0xd2e ./system/src/stm32f1-stdperiph/stm32f10x_rcc.o
 .debug_loc     0x0000000000001724       0x15 ./system/src/newlib/_exit.o
 .debug_loc     0x0000000000001739       0x97 ./system/src/newlib/_sbrk.o
 .debug_loc     0x00000000000017d0      0x2a6 ./system/src/newlib/_startup.o
 .debug_loc     0x0000000000001a76       0x6f ./system/src/newlib/_syscalls.o
 .debug_loc     0x0000000000001ae5      0x160 ./system/src/newlib/assert.o
 .debug_loc     0x0000000000001c45      0x118 ./system/src/diag/Trace.o
 .debug_loc     0x0000000000001d5d      0x1a1 ./system/src/diag/trace_impl.o
 .debug_loc     0x0000000000001efe      0x35c ./system/src/cortexm/exception_handlers.o
 .debug_loc     0x000000000000225a       0xff ./system/src/cmsis/system_stm32f10x.o
 .debug_loc     0x0000000000002359       0x9e ./src/Button.o
 .debug_loc     0x00000000000023f7       0xc3 ./src/Led.o
 .debug_loc     0x00000000000024ba       0xf3 ./src/main.o

.debug_macinfo
 *(.debug_macinfo)

.debug_weaknames
 *(.debug_weaknames)

.debug_funcnames
 *(.debug_funcnames)

.debug_typenames
 *(.debug_typenames)

.debug_varnames
 *(.debug_varnames)
OUTPUT(button-project.elf elf32-littlearm)

.debug_ranges   0x0000000000000000      0x3e0
 .debug_ranges  0x0000000000000000       0x98 ./system/src/stm32f1-stdperiph/stm32f10x_gpio.o
 .debug_ranges  0x0000000000000098      0x108 ./system/src/stm32f1-stdperiph/stm32f10x_rcc.o
 .debug_ranges  0x00000000000001a0       0x18 ./system/src/newlib/_exit.o
 .debug_ranges  0x00000000000001b8       0x10 ./system/src/newlib/_sbrk.o
 .debug_ranges  0x00000000000001c8       0x48 ./system/src/newlib/_startup.o
 .debug_ranges  0x0000000000000210       0x20 ./system/src/newlib/_syscalls.o
 .debug_ranges  0x0000000000000230       0x18 ./system/src/newlib/assert.o
 .debug_ranges  0x0000000000000248       0x28 ./system/src/diag/Trace.o
 .debug_ranges  0x0000000000000270       0x38 ./system/src/diag/trace_impl.o
 .debug_ranges  0x00000000000002a8       0x18 ./system/src/cortexm/_initialize_hardware.o
 .debug_ranges  0x00000000000002c0       0x98 ./system/src/cortexm/exception_handlers.o
 .debug_ranges  0x0000000000000358       0x28 ./system/src/cmsis/system_stm32f10x.o
 .debug_ranges  0x0000000000000380       0x10 ./system/src/cmsis/vectors_stm32f10x.o
 .debug_ranges  0x0000000000000390       0x18 ./src/Button.o
 .debug_ranges  0x00000000000003a8       0x28 ./src/Led.o
 .debug_ranges  0x00000000000003d0       0x10 ./src/main.o

.debug_macro    0x0000000000000000     0x475b
 .debug_macro   0x0000000000000000      0x1b9 ./system/src/stm32f1-stdperiph/stm32f10x_gpio.o
 .debug_macro   0x00000000000001b9       0x8b ./system/src/stm32f1-stdperiph/stm32f10x_gpio.o
 .debug_macro   0x0000000000000244      0x2a6 ./system/src/stm32f1-stdperiph/stm32f10x_gpio.o
 .debug_macro   0x00000000000004ea      0x287 ./system/src/stm32f1-stdperiph/stm32f10x_rcc.o
 .debug_macro   0x0000000000000771      0x3dc ./system/src/stm32f1-stdperiph/stm32f10x_rcc.o
 .debug_macro   0x0000000000000b4d      0x1b4 ./system/src/newlib/_exit.o
 .debug_macro   0x0000000000000d01       0x34 ./system/src/newlib/_exit.o
 .debug_macro   0x0000000000000d35      0x10e ./system/src/newlib/_exit.o
 .debug_macro   0x0000000000000e43       0x8d ./system/src/newlib/_exit.o
 .debug_macro   0x0000000000000ed0       0x43 ./system/src/newlib/_exit.o
 .debug_macro   0x0000000000000f13      0x339 ./system/src/newlib/_exit.o
 .debug_macro   0x000000000000124c       0x35 ./system/src/newlib/_exit.o
 .debug_macro   0x0000000000001281      0x169 ./system/src/newlib/_sbrk.o
 .debug_macro   0x00000000000013ea      0x174 ./system/src/newlib/_sbrk.o
 .debug_macro   0x000000000000155e       0x10 ./system/src/newlib/_sbrk.o
 .debug_macro   0x000000000000156e      0x23b ./system/src/newlib/_sbrk.o
 .debug_macro   0x00000000000017a9      0x173 ./system/src/newlib/_startup.o
 .debug_macro   0x000000000000191c      0x1f3 ./system/src/newlib/_syscalls.o
 .debug_macro   0x0000000000001b0f       0x1c ./system/src/newlib/_syscalls.o
 .debug_macro   0x0000000000001b2b       0x10 ./system/src/newlib/_syscalls.o
 .debug_macro   0x0000000000001b3b       0x10 ./system/src/newlib/_syscalls.o
 .debug_macro   0x0000000000001b4b       0x10 ./system/src/newlib/_syscalls.o
 .debug_macro   0x0000000000001b5b       0x35 ./system/src/newlib/_syscalls.o
 .debug_macro   0x0000000000001b90      0x122 ./system/src/newlib/_syscalls.o
 .debug_macro   0x0000000000001cb2       0x88 ./system/src/newlib/_syscalls.o
 .debug_macro   0x0000000000001d3a      0x10c ./system/src/newlib/_syscalls.o
 .debug_macro   0x0000000000001e46      0x189 ./system/src/newlib/_syscalls.o
 .debug_macro   0x0000000000001fcf       0x16 ./system/src/newlib/_syscalls.o
 .debug_macro   0x0000000000001fe5      0x1d0 ./system/src/newlib/assert.o
 .debug_macro   0x00000000000021b5       0x1c ./system/src/newlib/assert.o
 .debug_macro   0x00000000000021d1      0x1fb ./system/src/diag/Trace.o
 .debug_macro   0x00000000000023cc       0x16 ./system/src/diag/Trace.o
 .debug_macro   0x00000000000023e2       0x97 ./system/src/diag/Trace.o
 .debug_macro   0x0000000000002479       0xfd ./system/src/diag/Trace.o
 .debug_macro   0x0000000000002576       0x10 ./system/src/diag/Trace.o
 .debug_macro   0x0000000000002586       0x16 ./system/src/diag/Trace.o
 .debug_macro   0x000000000000259c      0x16f ./system/src/diag/Trace.o
 .debug_macro   0x000000000000270b       0x4c ./system/src/diag/Trace.o
 .debug_macro   0x0000000000002757       0x16 ./system/src/diag/Trace.o
 .debug_macro   0x000000000000276d      0x2da ./system/src/diag/trace_impl.o
 .debug_macro   0x0000000000002a47       0x10 ./system/src/diag/trace_impl.o
 .debug_macro   0x0000000000002a57       0xcf ./system/src/diag/trace_impl.o
 .debug_macro   0x0000000000002b26       0xbe ./system/src/diag/trace_impl.o
 .debug_macro   0x0000000000002be4       0x22 ./system/src/diag/trace_impl.o
 .debug_macro   0x0000000000002c06      0x16b ./system/src/cortexm/_initialize_hardware.o
 .debug_macro   0x0000000000002d71      0x324 ./system/src/cortexm/exception_handlers.o
 .debug_macro   0x0000000000003095       0x3b ./system/src/cortexm/exception_handlers.o
 .debug_macro   0x00000000000030d0       0x10 ./system/src/cortexm/exception_handlers.o
 .debug_macro   0x00000000000030e0      0x16e ./system/src/cmsis/system_stm32f10x.o
 .debug_macro   0x000000000000324e       0x34 ./system/src/cmsis/vectors_stm32f10x.o
 .debug_macro   0x0000000000003282      0x16b ./src/Button.o
 .debug_macro   0x00000000000033ed      0xb8e ./src/Button.o
 .debug_macro   0x0000000000003f7b      0x16b ./src/Led.o
 .debug_macro   0x00000000000040e6      0x3a3 ./src/main.o
 .debug_macro   0x0000000000004489       0x97 ./src/main.o
 .debug_macro   0x0000000000004520      0x104 ./src/main.o
 .debug_macro   0x0000000000004624      0x137 ./src/main.o
